<?xml version="1.0" encoding="utf-8"?><testsuites><testsuite name="pytest" errors="0" failures="0" skipped="0" tests="1" time="0.019" timestamp="2025-02-04T14:44:19.057097+01:00" hostname="ironcluster"><testcase classname="tests.test_app" name="test_add_numbers" time="0.000" /></testsuite></testsuites>